// Jest Snapshot v1, https://goo.gl/fbAQLP

exports[`<PostCard /> should match snapshot 1`] = `
.c3 {
  color: #000000;
  line-height: 1.2;
  font-size: 2.4rem;
  text-transform: none;
}

.c0 .c2 {
  margin: 0;
  margin-top: calc(1.6rem - 0.6rem);
  margin-bottom: 1.6rem;
}

.c0 a {
  -webkit-text-decoration: none;
  text-decoration: none;
  color: inherit;
  -webkit-transition: all 300ms ease-in-out;
  transition: all 300ms ease-in-out;
}

.c0:hover a {
  color: #dc143c;
}

.c0:hover img {
  opacity: 0.8;
}

.c1 {
  max-width: 100%;
  -webkit-transition: opacity 300ms ease-in-out;
  transition: opacity 300ms ease-in-out;
}

<div>
  <div
    class="c0"
  >
    <a
      href="/post/desperta-igreja"
    >
      <img
        alt="Despertando a igreja"
        class="c1"
        src="https://res.cloudinary.com/projeto-5/image/upload/v1629807677/avivamento_b9ef1501a7.png"
      />
    </a>
    <h2
      class="c2 c3"
    >
      <a
        href="/post/desperta-igreja"
      >
        Despertando a igreja
      </a>
    </h2>
    <p
      class=""
    >
      Estamos avançando no despertar dos últimos dias
    </p>
  </div>
</div>
`;
