// Jest Snapshot v1, https://goo.gl/fbAQLP

exports[`<PostGrid /> should match snapshot 1`] = `
.c5 {
  color: #000000;
  line-height: 1.2;
  font-size: 2.4rem;
  text-transform: none;
}

.c2 .c4 {
  margin: 0;
  margin-top: calc(1.6rem - 0.6rem);
  margin-bottom: 1.6rem;
}

.c2 a {
  -webkit-text-decoration: none;
  text-decoration: none;
  color: inherit;
  -webkit-transition: all 300ms ease-in-out;
  transition: all 300ms ease-in-out;
}

.c2:hover a {
  color: #dc143c;
}

.c2:hover img {
  opacity: 0.8;
}

.c3 {
  max-width: 100%;
  -webkit-transition: opacity 300ms ease-in-out;
  transition: opacity 300ms ease-in-out;
}

.c0 {
  width: 100%;
}

.c1 {
  max-width: 120rem;
  margin: 0 auto;
  display: grid;
  grid-template-columns: repeat(auto-fill,minmax(28rem,1fr));
  gap: 3.2rem;
  padding: 3.2rem;
}

@media (max-width:360px) {
  .c1 {
    grid-template-columns: 1fr;
  }
}

<div>
  <div
    class="c0"
  >
    <div
      class="c1"
    >
      <div
        class="c2"
      >
        <a
          href="/post/desperta-igreja"
        >
          <img
            alt="Despertando a igreja"
            class="c3"
            src="https://res.cloudinary.com/projeto-5/image/upload/v1628952649/avivamento_b9ef1501a7.jpg"
          />
        </a>
        <h2
          class="c4 c5"
        >
          <a
            href="/post/desperta-igreja"
          >
            Despertando a igreja
          </a>
        </h2>
        <p
          class=""
        >
          Estamos avançando no despertar dos últimos dias
        </p>
      </div>
      <div
        class="c2"
      >
        <a
          href="/post/arma-secreta"
        >
          <img
            alt="Jovens e adolescentes como a arma secreta para o avivamento"
            class="c3"
            src="https://res.cloudinary.com/projeto-5/image/upload/v1629156257/jovens_adolescentes_original_409702284c.jpg"
          />
        </a>
        <h2
          class="c4 c5"
        >
          <a
            href="/post/arma-secreta"
          >
            Jovens e adolescentes como a arma secreta para o avivamento
          </a>
        </h2>
        <p
          class=""
        >
          teste
        </p>
      </div>
    </div>
  </div>
</div>
`;
